// Jest Snapshot v1, https://goo.gl/fbAQLP

exports[`Icon Button should render correct icon 1`] = `
<Text
  allowFontScaling={false}
  selectable={false}
  style={
    [
      {
        "color": undefined,
        "fontSize": 12,
      },
      undefined,
      {
        "fontFamily": "anticon",
        "fontStyle": "normal",
        "fontWeight": "normal",
      },
      {},
    ]
  }
/>
`;
